#
# There is insufficient memory for the Java Runtime Environment to continue.
# Native memory allocation (malloc) failed to allocate 1048576 bytes. Error detail: AllocateHeap
# Possible reasons:
#   The system is out of physical RAM or swap space
#   This process is running with CompressedOops enabled, and the Java Heap may be blocking the growth of the native heap
# Possible solutions:
#   Reduce memory load on the system
#   Increase physical memory or swap space
#   Check if swap backing store is full
#   Decrease Java heap size (-Xmx/-Xms)
#   Decrease number of Java threads
#   Decrease Java thread stack sizes (-Xss)
#   Set larger code cache with -XX:ReservedCodeCacheSize=
#   JVM is running with Unscaled Compressed Oops mode in which the Java heap is
#     placed in the first 4GB address space. The Java Heap base address is the
#     maximum limit for the native heap growth. Please use -XX:HeapBaseMinAddress
#     to set the Java Heap base and to place the Java Heap above 4GB virtual address.
# This output file may be truncated or incomplete.
#
#  Out of Memory Error (allocation.cpp:44), pid=15880, tid=17920
#
# JRE version:  (17.0.14+7) (build )
# Java VM: OpenJDK 64-Bit Server VM (17.0.14+7-LTS, mixed mode, sharing, tiered, compressed oops, compressed class ptrs, g1 gc, windows-amd64)
# No core dump will be written. Minidumps are not enabled by default on client versions of Windows
#

---------------  S U M M A R Y ------------

Command Line: -Xmx64m -Xms64m -Dorg.gradle.appname=gradlew org.gradle.wrapper.GradleWrapperMain --version

Host: AMD Ryzen 3 3250U with Radeon Graphics         , 4 cores, 5G,  Windows 11 , 64 bit Build 26100 (10.0.26100.4484)
Time: Thu Jul 10 17:01:32 2025 India Standard Time elapsed time: 1.155090 seconds (0d 0h 0m 1s)

---------------  T H R E A D  ---------------

Current thread (0x0000019859a09ca0):  JavaThread "Unknown thread" [_thread_in_vm, id=17920, stack(0x0000008ac3600000,0x0000008ac3700000)]

Stack: [0x0000008ac3600000,0x0000008ac3700000]
Native frames: (J=compiled Java code, j=interpreted, Vv=VM code, C=native code)
V  [jvm.dll+0x6886b9]
V  [jvm.dll+0x83f6f8]
V  [jvm.dll+0x8411a3]
V  [jvm.dll+0x841813]
V  [jvm.dll+0x2495cf]
V  [jvm.dll+0xa77b3]
V  [jvm.dll+0x2dde17]
V  [jvm.dll+0x8115bf]
V  [jvm.dll+0x370c01]
V  [jvm.dll+0x7f00ef]
V  [jvm.dll+0x3f76ff]
V  [jvm.dll+0x3f9231]
C  [jli.dll+0x52a0]
C  [ucrtbase.dll+0x37b0]
C  [KERNEL32.DLL+0x2e8d7]
C  [ntdll.dll+0x3c34c]


---------------  P R O C E S S  ---------------

Threads class SMR info:
_java_thread_list=0x00007ffa1517efd8, length=0, elements={
}

Java Threads: ( => current thread )

Other Threads:

=>0x0000019859a09ca0 (exited) JavaThread "Unknown thread" [_thread_in_vm, id=17920, stack(0x0000008ac3600000,0x0000008ac3700000)]

Threads with active compile tasks:

VM state: not at safepoint (not fully initialized)

VM Mutex/Monitor currently owned by a thread: None

Heap address: 0x0000000000000000, size: 0 MB, Compressed Oops mode: 32-bit

CDS archive(s) mapped at: [0x0000000000000000-0x0000000000000000-0x0000000000000000), size 0, SharedBaseAddress: 0x0000000800000000, ArchiveRelocationMode: 1.
Narrow klass base: 0x0000000000000000, Narrow klass shift: 0, Narrow klass range: 0x0

GC Precious Log:
<Empty>

GC Heap History (0 events):
No events

Dll operation events (1 events):
Event: 0.302 Loaded shared library C:\Program Files\Microsoft\jdk-17.0.14.7-hotspot\bin\java.dll

Deoptimization events (0 events):
No events

Classes loaded (0 events):
No events

Classes unloaded (0 events):
No events

Classes redefined (0 events):
No events

Internal exceptions (0 events):
No events

VM Operations (0 events):
No events

Memory protections (0 events):
No events

Nmethod flushes (0 events):
No events

Events (0 events):
No events


Dynamic libraries:
0x00007ff70ff50000 - 0x00007ff70ff5e000 	C:\Program Files\Microsoft\jdk-17.0.14.7-hotspot\bin\java.exe
0x00007ffa8ce80000 - 0x00007ffa8d0e8000 	C:\WINDOWS\SYSTEM32\ntdll.dll
0x00007ffa8b200000 - 0x00007ffa8b2c9000 	C:\WINDOWS\System32\KERNEL32.DLL
0x00007ffa8a450000 - 0x00007ffa8a83d000 	C:\WINDOWS\System32\KERNELBASE.dll
0x00007ffa8aa40000 - 0x00007ffa8ab8b000 	C:\WINDOWS\System32\ucrtbase.dll
0x00007ffa7eb50000 - 0x00007ffa7eb67000 	C:\Program Files\Microsoft\jdk-17.0.14.7-hotspot\bin\jli.dll
0x00007ffa8c410000 - 0x00007ffa8c5dc000 	C:\WINDOWS\System32\USER32.dll
0x00007ffa7eb30000 - 0x00007ffa7eb4d000 	C:\Program Files\Microsoft\jdk-17.0.14.7-hotspot\bin\VCRUNTIME140.dll
0x00007ffa76660000 - 0x00007ffa768fa000 	C:\WINDOWS\WinSxS\amd64_microsoft.windows.common-controls_6595b64144ccf1df_6.0.26100.4484_none_3e0e6d4ce32ef3b3\COMCTL32.dll
0x00007ffa8b150000 - 0x00007ffa8b1f9000 	C:\WINDOWS\System32\msvcrt.dll
0x00007ffa8b8f0000 - 0x00007ffa8b91b000 	C:\WINDOWS\System32\GDI32.dll
0x00007ffa89fd0000 - 0x00007ffa89ff7000 	C:\WINDOWS\System32\win32u.dll
0x00007ffa8a900000 - 0x00007ffa8aa37000 	C:\WINDOWS\System32\gdi32full.dll
0x00007ffa8a300000 - 0x00007ffa8a3a3000 	C:\WINDOWS\System32\msvcp_win.dll
0x00007ffa8ce00000 - 0x00007ffa8ce2f000 	C:\WINDOWS\System32\IMM32.DLL
0x00007ffa6d6f0000 - 0x00007ffa6d6fc000 	C:\Program Files\Microsoft\jdk-17.0.14.7-hotspot\bin\vcruntime140_1.dll
0x00007ffa152c0000 - 0x00007ffa1534d000 	C:\Program Files\Microsoft\jdk-17.0.14.7-hotspot\bin\msvcp140.dll
0x00007ffa14640000 - 0x00007ffa152b2000 	C:\Program Files\Microsoft\jdk-17.0.14.7-hotspot\bin\server\jvm.dll
0x00007ffa8be10000 - 0x00007ffa8bec4000 	C:\WINDOWS\System32\ADVAPI32.dll
0x00007ffa8cd30000 - 0x00007ffa8cdd6000 	C:\WINDOWS\System32\sechost.dll
0x00007ffa8ac20000 - 0x00007ffa8ad38000 	C:\WINDOWS\System32\RPCRT4.dll
0x00007ffa8b0d0000 - 0x00007ffa8b144000 	C:\WINDOWS\System32\WS2_32.dll
0x00007ffa89e20000 - 0x00007ffa89e7e000 	C:\WINDOWS\SYSTEM32\POWRPROF.dll
0x00007ffa83db0000 - 0x00007ffa83de5000 	C:\WINDOWS\SYSTEM32\WINMM.dll
0x00007ffa83df0000 - 0x00007ffa83dfb000 	C:\WINDOWS\SYSTEM32\VERSION.dll
0x00007ffa89d50000 - 0x00007ffa89d64000 	C:\WINDOWS\SYSTEM32\UMPDC.dll
0x00007ffa88d70000 - 0x00007ffa88d8b000 	C:\WINDOWS\SYSTEM32\kernel.appcore.dll
0x00007ffa6caf0000 - 0x00007ffa6cafa000 	C:\Program Files\Microsoft\jdk-17.0.14.7-hotspot\bin\jimage.dll
0x00007ffa879d0000 - 0x00007ffa87c11000 	C:\WINDOWS\SYSTEM32\DBGHELP.DLL
0x00007ffa8c080000 - 0x00007ffa8c406000 	C:\WINDOWS\System32\combase.dll
0x00007ffa8ae00000 - 0x00007ffa8aee0000 	C:\WINDOWS\System32\OLEAUT32.dll
0x00007ffa71f40000 - 0x00007ffa71f83000 	C:\WINDOWS\SYSTEM32\dbgcore.DLL
0x00007ffa8a3b0000 - 0x00007ffa8a449000 	C:\WINDOWS\System32\bcryptPrimitives.dll
0x00007ffa12d60000 - 0x00007ffa12d85000 	C:\Program Files\Microsoft\jdk-17.0.14.7-hotspot\bin\java.dll

dbghelp: loaded successfully - version: 4.0.5 - missing functions: none
symbol engine: initialized successfully - sym options: 0x614 - pdb path: .;C:\Program Files\Microsoft\jdk-17.0.14.7-hotspot\bin;C:\WINDOWS\SYSTEM32;C:\WINDOWS\WinSxS\amd64_microsoft.windows.common-controls_6595b64144ccf1df_6.0.26100.4484_none_3e0e6d4ce32ef3b3;C:\Program Files\Microsoft\jdk-17.0.14.7-hotspot\bin\server

VM Arguments:
jvm_args: -Xmx64m -Xms64m -Dorg.gradle.appname=gradlew 
java_command: org.gradle.wrapper.GradleWrapperMain --version
java_class_path (initial): c:\Users\Ankit\Desktop\TuneNest\frontend\android\\gradle\wrapper\gradle-wrapper.jar
Launcher Type: SUN_STANDARD

[Global flags]
     intx CICompilerCount                          = 3                                         {product} {ergonomic}
     uint ConcGCThreads                            = 1                                         {product} {ergonomic}
     uint G1ConcRefinementThreads                  = 4                                         {product} {ergonomic}
   size_t G1HeapRegionSize                         = 1048576                                   {product} {ergonomic}
    uintx GCDrainStackTargetSize                   = 64                                        {product} {ergonomic}
   size_t InitialHeapSize                          = 67108864                                  {product} {command line}
   size_t MarkStackSize                            = 4194304                                   {product} {ergonomic}
   size_t MaxHeapSize                              = 67108864                                  {product} {command line}
   size_t MinHeapDeltaBytes                        = 1048576                                   {product} {ergonomic}
   size_t MinHeapSize                              = 67108864                                  {product} {command line}
    uintx NonNMethodCodeHeapSize                   = 5832780                                {pd product} {ergonomic}
    uintx NonProfiledCodeHeapSize                  = 122912730                              {pd product} {ergonomic}
    uintx ProfiledCodeHeapSize                     = 122912730                              {pd product} {ergonomic}
    uintx ReservedCodeCacheSize                    = 251658240                              {pd product} {ergonomic}
     bool SegmentedCodeCache                       = true                                      {product} {ergonomic}
   size_t SoftMaxHeapSize                          = 67108864                               {manageable} {ergonomic}
     bool UseCompressedClassPointers               = true                           {product lp64_product} {ergonomic}
     bool UseCompressedOops                        = true                           {product lp64_product} {ergonomic}
     bool UseG1GC                                  = true                                      {product} {ergonomic}
     bool UseLargePagesIndividualAllocation        = false                                  {pd product} {ergonomic}

Logging:
Log output configuration:
 #0: stdout all=warning uptime,level,tags
 #1: stderr all=off uptime,level,tags

Environment Variables:
JAVA_HOME=C:\Program Files\Microsoft\jdk-17.0.14.7-hotspot\
CLASSPATH=c:\Users\Ankit\Desktop\TuneNest\frontend\android\\gradle\wrapper\gradle-wrapper.jar
PATH=C:\Python313\Scripts\;C:\Python313\;C:\Program Files\Microsoft\jdk-17.0.14.7-hotspot\bin;C:\Python312\Scripts\;C:\Python312\;C:\Python311\Scripts\;C:\Python311\;C:\Program Files\Common Files\Oracle\Java\javapath;C:\WINDOWS\system32;C:\WINDOWS;C:\WINDOWS\System32\Wbem;C:\WINDOWS\System32\WindowsPowerShell\v1.0\;C:\WINDOWS\System32\OpenSSH\;C:\MinGW\bin;C:\Program Files\Java\jdk-19\bin;C:\ProgramData\chocolatey\bin;C:\Program Files\Git\cmd;C:\Users\Ankit\AppData\Local\nvm;C:\nvm4w\nodejs;C:\Program Files\MySQL\MySQL Shell 8.0\bin\;C:\Users\Ankit\AppData\Local\Microsoft\WindowsApps;C:\Program Files\JetBrains\IntelliJ IDEA Community Edition 2023.3.2\bin;;C:\Users\Ankit\AppData\Local\Programs\Microsoft VS Code\bin;C:\Users\Ankit\AppData\Local\Pub\Cache\bin;C:\Users\Ankit\Downloads\flutter_windows_3.19.2-stable\flutter\bin;C:\Users\Ankit\AppData\Roaming\npm;C:\Users\Ankit\AppData\Local\nvm;C:\nvm4w\nodejs
USERNAME=Ankit
OS=Windows_NT
PROCESSOR_IDENTIFIER=AMD64 Family 23 Model 24 Stepping 1, AuthenticAMD
TMP=C:\Users\Ankit\AppData\Local\Temp
TEMP=C:\Users\Ankit\AppData\Local\Temp



Periodic native trim disabled


---------------  S Y S T E M  ---------------

OS:
 Windows 11 , 64 bit Build 26100 (10.0.26100.4484)
OS uptime: 0 days 6:54 hours

CPU: total 4 (initial active 4) (4 cores per cpu, 2 threads per core) family 23 model 24 stepping 1 microcode 0x8108109, cx8, cmov, fxsr, ht, mmx, 3dnowpref, sse, sse2, sse3, ssse3, sse4a, sse4.1, sse4.2, popcnt, lzcnt, tsc, tscinvbit, avx, avx2, aes, clmul, bmi1, bmi2, adx, sha, fma, vzeroupper, clflush, clflushopt
Processor Information for the first 4 processors :
  Max Mhz: 2600, Current Mhz: 2600, Mhz Limit: 2600

Memory: 4k page, system-wide physical 6078M (192M free)
TotalPageFile size 24510M (AvailPageFile size 39M)
current process WorkingSet (physical memory assigned to process): 11M, peak: 11M
current process commit charge ("private bytes"): 11M, peak: 12M

vm_info: OpenJDK 64-Bit Server VM (17.0.14+7-LTS) for windows-amd64 JRE (17.0.14+7-LTS), built on Jan  8 2025 23:39:28 by "MicrosoftCorporation" with unknown MS VC++:1939

END.
